Archive member included because of file (symbol)

c:/winavr-20100110/bin/../lib/gcc/avr/4.3.3/avr5\libgcc.a(_udivmodqi4.o)
                              ./Service/service.o (__udivmodqi4)
c:/winavr-20100110/bin/../lib/gcc/avr/4.3.3/avr5\libgcc.a(_divmodhi4.o)
                              ./Service/CountDown.o (__divmodhi4)
c:/winavr-20100110/bin/../lib/gcc/avr/4.3.3/avr5\libgcc.a(_exit.o)
                              c:/winavr-20100110/bin/../lib/gcc/avr/4.3.3/../../../../avr/lib/avr5/crtm32.o (exit)
c:/winavr-20100110/bin/../lib/gcc/avr/4.3.3/avr5\libgcc.a(_copy_data.o)
                              ./Service/Alarm.o (__do_copy_data)
c:/winavr-20100110/bin/../lib/gcc/avr/4.3.3/avr5\libgcc.a(_clear_bss.o)
                              ./Service/Alarm.o (__do_clear_bss)
c:/winavr-20100110/bin/../lib/gcc/avr/4.3.3/avr5\libgcc.a(_addsub_sf.o)
                              ./HAL/lcd.o (__subsf3)
c:/winavr-20100110/bin/../lib/gcc/avr/4.3.3/avr5\libgcc.a(_mul_sf.o)
                              ./HAL/lcd.o (__mulsf3)
c:/winavr-20100110/bin/../lib/gcc/avr/4.3.3/avr5\libgcc.a(_si_to_sf.o)
                              ./HAL/lcd.o (__floatsisf)
c:/winavr-20100110/bin/../lib/gcc/avr/4.3.3/avr5\libgcc.a(_sf_to_si.o)
                              ./HAL/lcd.o (__fixsfsi)
c:/winavr-20100110/bin/../lib/gcc/avr/4.3.3/avr5\libgcc.a(_thenan_sf.o)
                              c:/winavr-20100110/bin/../lib/gcc/avr/4.3.3/avr5\libgcc.a(_addsub_sf.o) (__thenan_sf)
c:/winavr-20100110/bin/../lib/gcc/avr/4.3.3/avr5\libgcc.a(_udivmodhi4.o)
                              c:/winavr-20100110/bin/../lib/gcc/avr/4.3.3/avr5\libgcc.a(_divmodhi4.o) (__udivmodhi4)
c:/winavr-20100110/bin/../lib/gcc/avr/4.3.3/avr5\libgcc.a(_prologue.o)
                              c:/winavr-20100110/bin/../lib/gcc/avr/4.3.3/avr5\libgcc.a(_addsub_sf.o) (__prologue_saves__)
c:/winavr-20100110/bin/../lib/gcc/avr/4.3.3/avr5\libgcc.a(_epilogue.o)
                              c:/winavr-20100110/bin/../lib/gcc/avr/4.3.3/avr5\libgcc.a(_addsub_sf.o) (__epilogue_restores__)
c:/winavr-20100110/bin/../lib/gcc/avr/4.3.3/avr5\libgcc.a(_clzsi2.o)
                              c:/winavr-20100110/bin/../lib/gcc/avr/4.3.3/avr5\libgcc.a(_si_to_sf.o) (__clzsi2)
c:/winavr-20100110/bin/../lib/gcc/avr/4.3.3/avr5\libgcc.a(_pack_sf.o)
                              c:/winavr-20100110/bin/../lib/gcc/avr/4.3.3/avr5\libgcc.a(_addsub_sf.o) (__pack_f)
c:/winavr-20100110/bin/../lib/gcc/avr/4.3.3/avr5\libgcc.a(_unpack_sf.o)
                              c:/winavr-20100110/bin/../lib/gcc/avr/4.3.3/avr5\libgcc.a(_addsub_sf.o) (__unpack_f)
c:/winavr-20100110/bin/../lib/gcc/avr/4.3.3/avr5\libgcc.a(_clz.o)
                              c:/winavr-20100110/bin/../lib/gcc/avr/4.3.3/avr5\libgcc.a(_clzsi2.o) (__clz_tab)
c:/winavr-20100110/bin/../lib/gcc/avr/4.3.3/../../../../avr/lib/avr5\libc.a(itoa.o)
                              ./HAL/lcd.o (itoa)
c:/winavr-20100110/bin/../lib/gcc/avr/4.3.3/../../../../avr/lib/avr5\libc.a(sprintf.o)
                              ./HAL/lcd.o (sprintf)
c:/winavr-20100110/bin/../lib/gcc/avr/4.3.3/../../../../avr/lib/avr5\libc.a(vfprintf_std.o)
                              c:/winavr-20100110/bin/../lib/gcc/avr/4.3.3/../../../../avr/lib/avr5\libc.a(sprintf.o) (vfprintf)
c:/winavr-20100110/bin/../lib/gcc/avr/4.3.3/../../../../avr/lib/avr5\libc.a(strnlen_P.o)
                              c:/winavr-20100110/bin/../lib/gcc/avr/4.3.3/../../../../avr/lib/avr5\libc.a(vfprintf_std.o) (strnlen_P)
c:/winavr-20100110/bin/../lib/gcc/avr/4.3.3/../../../../avr/lib/avr5\libc.a(strnlen.o)
                              c:/winavr-20100110/bin/../lib/gcc/avr/4.3.3/../../../../avr/lib/avr5\libc.a(vfprintf_std.o) (strnlen)
c:/winavr-20100110/bin/../lib/gcc/avr/4.3.3/../../../../avr/lib/avr5\libc.a(strrev.o)
                              c:/winavr-20100110/bin/../lib/gcc/avr/4.3.3/../../../../avr/lib/avr5\libc.a(itoa.o) (strrev)
c:/winavr-20100110/bin/../lib/gcc/avr/4.3.3/../../../../avr/lib/avr5\libc.a(fputc.o)
                              c:/winavr-20100110/bin/../lib/gcc/avr/4.3.3/../../../../avr/lib/avr5\libc.a(vfprintf_std.o) (fputc)
c:/winavr-20100110/bin/../lib/gcc/avr/4.3.3/../../../../avr/lib/avr5\libc.a(ultoa_invert.o)
                              c:/winavr-20100110/bin/../lib/gcc/avr/4.3.3/../../../../avr/lib/avr5\libc.a(vfprintf_std.o) (__ultoa_invert)

Allocating common symbols
Common symbol       size              file

temp                0x1               ./Service/service.o
mins                0x1               ./Service/Alarm.o
hours               0x1               ./Service/Alarm.o

Memory Configuration

Name             Origin             Length             Attributes
text             0x00000000         0x00020000         xr
data             0x00800060         0x0000ffa0         rw !x
eeprom           0x00810000         0x00010000         rw !x
fuse             0x00820000         0x00000400         rw !x
lock             0x00830000         0x00000400         rw !x
signature        0x00840000         0x00000400         rw !x
*default*        0x00000000         0xffffffff

Linker script and memory map

LOAD c:/winavr-20100110/bin/../lib/gcc/avr/4.3.3/../../../../avr/lib/avr5/crtm32.o
LOAD ./Service/Alarm.o
LOAD ./Service/CountDown.o
LOAD ./Service/service.o
LOAD ./Service/stopwatch.o
LOAD ./MCAL/gpio.o
LOAD ./MCAL/timer1.o
LOAD ./MCAL/twi.o
LOAD ./HAL/RTC.o
LOAD ./HAL/buzzer.o
LOAD ./HAL/lcd.o
LOAD ./APP/app.o
LOAD c:/winavr-20100110/bin/../lib/gcc/avr/4.3.3/avr5\libgcc.a
LOAD c:/winavr-20100110/bin/../lib/gcc/avr/4.3.3/../../../../avr/lib/avr5\libc.a
LOAD c:/winavr-20100110/bin/../lib/gcc/avr/4.3.3/avr5\libgcc.a

.hash
 *(.hash)

.dynsym
 *(.dynsym)

.dynstr
 *(.dynstr)

.gnu.version
 *(.gnu.version)

.gnu.version_d
 *(.gnu.version_d)

.gnu.version_r
 *(.gnu.version_r)

.rel.init
 *(.rel.init)

.rela.init
 *(.rela.init)

.rel.text
 *(.rel.text)
 *(.rel.text.*)
 *(.rel.gnu.linkonce.t*)

.rela.text
 *(.rela.text)
 *(.rela.text.*)
 *(.rela.gnu.linkonce.t*)

.rel.fini
 *(.rel.fini)

.rela.fini
 *(.rela.fini)

.rel.rodata
 *(.rel.rodata)
 *(.rel.rodata.*)
 *(.rel.gnu.linkonce.r*)

.rela.rodata
 *(.rela.rodata)
 *(.rela.rodata.*)
 *(.rela.gnu.linkonce.r*)

.rel.data
 *(.rel.data)
 *(.rel.data.*)
 *(.rel.gnu.linkonce.d*)

.rela.data
 *(.rela.data)
 *(.rela.data.*)
 *(.rela.gnu.linkonce.d*)

.rel.ctors
 *(.rel.ctors)

.rela.ctors
 *(.rela.ctors)

.rel.dtors
 *(.rel.dtors)

.rela.dtors
 *(.rela.dtors)

.rel.got
 *(.rel.got)

.rela.got
 *(.rela.got)

.rel.bss
 *(.rel.bss)

.rela.bss
 *(.rela.bss)

.rel.plt
 *(.rel.plt)

.rela.plt
 *(.rela.plt)

.text           0x00000000     0x2dba
 *(.vectors)
 .vectors       0x00000000       0x54 c:/winavr-20100110/bin/../lib/gcc/avr/4.3.3/../../../../avr/lib/avr5/crtm32.o
                0x00000000                __vectors
                0x00000000                __vector_default
 *(.vectors)
 *(.progmem.gcc*)
 *(.progmem*)
                0x00000054                . = ALIGN (0x2)
                0x00000054                __trampolines_start = .
 *(.trampolines)
 .trampolines   0x00000054        0x0 linker stubs
 *(.trampolines*)
                0x00000054                __trampolines_end = .
 *(.jumptables)
 *(.jumptables*)
 *(.lowtext)
 *(.lowtext*)
                0x00000054                __ctors_start = .
 *(.ctors)
                0x00000054                __ctors_end = .
                0x00000054                __dtors_start = .
 *(.dtors)
                0x00000054                __dtors_end = .
 SORT(*)(.ctors)
 SORT(*)(.dtors)
 *(.init0)
 .init0         0x00000054        0x0 c:/winavr-20100110/bin/../lib/gcc/avr/4.3.3/../../../../avr/lib/avr5/crtm32.o
                0x00000054                __init
 *(.init0)
 *(.init1)
 *(.init1)
 *(.init2)
 .init2         0x00000054        0xc c:/winavr-20100110/bin/../lib/gcc/avr/4.3.3/../../../../avr/lib/avr5/crtm32.o
 *(.init2)
 *(.init3)
 *(.init3)
 *(.init4)
 .init4         0x00000060       0x16 c:/winavr-20100110/bin/../lib/gcc/avr/4.3.3/avr5\libgcc.a(_copy_data.o)
                0x00000060                __do_copy_data
 .init4         0x00000076       0x10 c:/winavr-20100110/bin/../lib/gcc/avr/4.3.3/avr5\libgcc.a(_clear_bss.o)
                0x00000076                __do_clear_bss
 *(.init4)
 *(.init5)
 *(.init5)
 *(.init6)
 *(.init6)
 *(.init7)
 *(.init7)
 *(.init8)
 *(.init8)
 *(.init9)
 .init9         0x00000086        0x8 c:/winavr-20100110/bin/../lib/gcc/avr/4.3.3/../../../../avr/lib/avr5/crtm32.o
 *(.init9)
 *(.text)
 .text          0x0000008e        0x4 c:/winavr-20100110/bin/../lib/gcc/avr/4.3.3/../../../../avr/lib/avr5/crtm32.o
                0x0000008e                __vector_1
                0x0000008e                __vector_12
                0x0000008e                __bad_interrupt
                0x0000008e                __vector_6
                0x0000008e                __vector_3
                0x0000008e                __vector_11
                0x0000008e                __vector_13
                0x0000008e                __vector_17
                0x0000008e                __vector_19
                0x0000008e                __vector_5
                0x0000008e                __vector_9
                0x0000008e                __vector_2
                0x0000008e                __vector_15
                0x0000008e                __vector_8
                0x0000008e                __vector_14
                0x0000008e                __vector_10
                0x0000008e                __vector_16
                0x0000008e                __vector_18
                0x0000008e                __vector_20
 .text          0x00000092        0x0 ./Service/Alarm.o
 .text          0x00000092        0x0 ./Service/CountDown.o
 .text          0x00000092        0x0 ./Service/service.o
 .text          0x00000092        0x0 ./Service/stopwatch.o
 .text          0x00000092        0x0 ./MCAL/gpio.o
 .text          0x00000092        0x0 ./MCAL/timer1.o
 .text          0x00000092        0x0 ./MCAL/twi.o
 .text          0x00000092        0x0 ./HAL/RTC.o
 .text          0x00000092        0x0 ./HAL/buzzer.o
 .text          0x00000092        0x0 ./HAL/lcd.o
 .text          0x00000092        0x0 ./APP/app.o
 .text          0x00000092        0x0 c:/winavr-20100110/bin/../lib/gcc/avr/4.3.3/avr5\libgcc.a(_udivmodqi4.o)
 .text          0x00000092        0x0 c:/winavr-20100110/bin/../lib/gcc/avr/4.3.3/avr5\libgcc.a(_divmodhi4.o)
 .text          0x00000092        0x0 c:/winavr-20100110/bin/../lib/gcc/avr/4.3.3/avr5\libgcc.a(_exit.o)
 .text          0x00000092        0x0 c:/winavr-20100110/bin/../lib/gcc/avr/4.3.3/avr5\libgcc.a(_copy_data.o)
 .text          0x00000092        0x0 c:/winavr-20100110/bin/../lib/gcc/avr/4.3.3/avr5\libgcc.a(_clear_bss.o)
 .text          0x00000092      0x354 c:/winavr-20100110/bin/../lib/gcc/avr/4.3.3/avr5\libgcc.a(_addsub_sf.o)
                0x0000032a                __subsf3
                0x0000038c                __addsf3
 .text          0x000003e6      0x1f4 c:/winavr-20100110/bin/../lib/gcc/avr/4.3.3/avr5\libgcc.a(_mul_sf.o)
                0x000003e6                __mulsf3
 .text          0x000005da       0xbc c:/winavr-20100110/bin/../lib/gcc/avr/4.3.3/avr5\libgcc.a(_si_to_sf.o)
                0x000005da                __floatsisf
 .text          0x00000696       0xa8 c:/winavr-20100110/bin/../lib/gcc/avr/4.3.3/avr5\libgcc.a(_sf_to_si.o)
                0x00000696                __fixsfsi
 .text          0x0000073e        0x0 c:/winavr-20100110/bin/../lib/gcc/avr/4.3.3/avr5\libgcc.a(_thenan_sf.o)
 .text          0x0000073e        0x0 c:/winavr-20100110/bin/../lib/gcc/avr/4.3.3/avr5\libgcc.a(_udivmodhi4.o)
 .text          0x0000073e        0x0 c:/winavr-20100110/bin/../lib/gcc/avr/4.3.3/avr5\libgcc.a(_prologue.o)
 .text          0x0000073e        0x0 c:/winavr-20100110/bin/../lib/gcc/avr/4.3.3/avr5\libgcc.a(_epilogue.o)
 .text          0x0000073e       0x9e c:/winavr-20100110/bin/../lib/gcc/avr/4.3.3/avr5\libgcc.a(_clzsi2.o)
                0x0000073e                __clzsi2
 .text          0x000007dc      0x1aa c:/winavr-20100110/bin/../lib/gcc/avr/4.3.3/avr5\libgcc.a(_pack_sf.o)
                0x000007dc                __pack_f
 .text          0x00000986       0xf0 c:/winavr-20100110/bin/../lib/gcc/avr/4.3.3/avr5\libgcc.a(_unpack_sf.o)
                0x00000986                __unpack_f
 .text          0x00000a76        0x0 c:/winavr-20100110/bin/../lib/gcc/avr/4.3.3/avr5\libgcc.a(_clz.o)
 .text          0x00000a76        0x0 c:/winavr-20100110/bin/../lib/gcc/avr/4.3.3/../../../../avr/lib/avr5\libc.a(itoa.o)
 .text          0x00000a76        0x0 c:/winavr-20100110/bin/../lib/gcc/avr/4.3.3/../../../../avr/lib/avr5\libc.a(sprintf.o)
 .text          0x00000a76        0x0 c:/winavr-20100110/bin/../lib/gcc/avr/4.3.3/../../../../avr/lib/avr5\libc.a(vfprintf_std.o)
 .text          0x00000a76        0x0 c:/winavr-20100110/bin/../lib/gcc/avr/4.3.3/../../../../avr/lib/avr5\libc.a(strnlen_P.o)
 .text          0x00000a76        0x0 c:/winavr-20100110/bin/../lib/gcc/avr/4.3.3/../../../../avr/lib/avr5\libc.a(strnlen.o)
 .text          0x00000a76        0x0 c:/winavr-20100110/bin/../lib/gcc/avr/4.3.3/../../../../avr/lib/avr5\libc.a(strrev.o)
 .text          0x00000a76        0x0 c:/winavr-20100110/bin/../lib/gcc/avr/4.3.3/../../../../avr/lib/avr5\libc.a(fputc.o)
 .text          0x00000a76        0x0 c:/winavr-20100110/bin/../lib/gcc/avr/4.3.3/../../../../avr/lib/avr5\libc.a(ultoa_invert.o)
                0x00000a76                . = ALIGN (0x2)
 *(.text.*)
 .text.Increment_decrementHours
                0x00000a76       0x28 ./Service/Alarm.o
                0x00000a76                Increment_decrementHours
 .text.Increment_decrementMins
                0x00000a9e       0x28 ./Service/Alarm.o
                0x00000a9e                Increment_decrementMins
 .text.Alarm_reset
                0x00000ac6       0x18 ./Service/Alarm.o
                0x00000ac6                Alarm_reset
 .text.Check_Alarm
                0x00000ade       0x98 ./Service/Alarm.o
                0x00000ade                Check_Alarm
 .text.Show_time
                0x00000b76       0x40 ./Service/Alarm.o
                0x00000b76                Show_time
 .text.get_time
                0x00000bb6       0x6c ./Service/Alarm.o
                0x00000bb6                get_time
 .text.Set_Alarm
                0x00000c22       0xc6 ./Service/Alarm.o
                0x00000c22                Set_Alarm
 .text.Timer2_init
                0x00000ce8       0x12 ./Service/CountDown.o
                0x00000ce8                Timer2_init
 .text.reset_countdown
                0x00000cfa       0x1a ./Service/CountDown.o
                0x00000cfa                reset_countdown
 .text.move_countdown
                0x00000d14      0x23c ./Service/CountDown.o
                0x00000d14                move_countdown
 .text.Timer_countDown
                0x00000f50       0x74 ./Service/CountDown.o
                0x00000f50                Timer_countDown
 .text.__vector_4
                0x00000fc4       0x6e ./Service/CountDown.o
                0x00000fc4                __vector_4
 .text.select_buttons
                0x00001032       0x2a ./Service/service.o
                0x00001032                select_buttons
 .text.Exit_mode
                0x0000105c       0x26 ./Service/service.o
                0x0000105c                Exit_mode
 .text.button_init
                0x00001082       0x14 ./Service/service.o
                0x00001082                button_init
 .text.set_1st_diplay_void
                0x00001096       0x1a ./Service/service.o
                0x00001096                set_1st_diplay_void
 .text.clock_mode_display
                0x000010b0       0x26 ./Service/service.o
                0x000010b0                clock_mode_display
 .text.clock_display
                0x000010d6       0x6e ./Service/service.o
                0x000010d6                clock_display
 .text.update   0x00001144       0xb6 ./Service/service.o
                0x00001144                update
 .text.select_mode
                0x000011fa       0x58 ./Service/service.o
                0x000011fa                select_mode
 .text.move     0x00001252      0x3ce ./Service/service.o
                0x00001252                move
 .text.date_display
                0x00001620       0x7a ./Service/service.o
                0x00001620                date_display
 .text.mode_12_display
                0x0000169a       0xce ./Service/service.o
                0x0000169a                mode_12_display
 .text.Timer_countUp
                0x00001768       0x86 ./Service/stopwatch.o
                0x00001768                Timer_countUp
 .text.reset_values_before_and_after_exit
                0x000017ee       0x1a ./Service/stopwatch.o
                0x000017ee                reset_values_before_and_after_exit
 .text.count_up_display
                0x00001808       0x5e ./Service/stopwatch.o
                0x00001808                count_up_display
 .text.display_stopwatch_before
                0x00001866       0x1a ./Service/stopwatch.o
                0x00001866                display_stopwatch_before
 .text.GPIO_setupPinDirection
                0x00001880       0xe8 ./MCAL/gpio.o
                0x00001880                GPIO_setupPinDirection
 .text.GPIO_writePin
                0x00001968       0xe8 ./MCAL/gpio.o
                0x00001968                GPIO_writePin
 .text.GPIO_readPin
                0x00001a50       0x3c ./MCAL/gpio.o
                0x00001a50                GPIO_readPin
 .text.GPIO_setupPortDirection
                0x00001a8c       0x26 ./MCAL/gpio.o
                0x00001a8c                GPIO_setupPortDirection
 .text.GPIO_writePort
                0x00001ab2       0x26 ./MCAL/gpio.o
                0x00001ab2                GPIO_writePort
 .text.GPIO_readPort
                0x00001ad8       0x2a ./MCAL/gpio.o
                0x00001ad8                GPIO_readPort
 .text.Timer1_init
                0x00001b02       0x1c ./MCAL/timer1.o
                0x00001b02                Timer1_init
 .text.TWI_init
                0x00001b1e       0x2a ./MCAL/twi.o
                0x00001b1e                TWI_init
 .text.TWI_start
                0x00001b48        0xc ./MCAL/twi.o
                0x00001b48                TWI_start
 .text.TWI_stop
                0x00001b54        0x6 ./MCAL/twi.o
                0x00001b54                TWI_stop
 .text.TWI_writeByte
                0x00001b5a        0xe ./MCAL/twi.o
                0x00001b5a                TWI_writeByte
 .text.TWI_readByteWithACK
                0x00001b68        0xe ./MCAL/twi.o
                0x00001b68                TWI_readByteWithACK
 .text.TWI_readByteWithNACK
                0x00001b76        0xe ./MCAL/twi.o
                0x00001b76                TWI_readByteWithNACK
 .text.TWI_getStatus
                0x00001b84        0x6 ./MCAL/twi.o
                0x00001b84                TWI_getStatus
 .text.DEC_to_BCD
                0x00001b8a       0x22 ./HAL/RTC.o
 .text.RTC_getYear
                0x00001bac       0x3c ./HAL/RTC.o
                0x00001bac                RTC_getYear
 .text.RTC_getMonth
                0x00001be8       0x3c ./HAL/RTC.o
                0x00001be8                RTC_getMonth
 .text.RTC_getDay
                0x00001c24       0x3c ./HAL/RTC.o
                0x00001c24                RTC_getDay
 .text.RTC_getHour
                0x00001c60       0x3c ./HAL/RTC.o
                0x00001c60                RTC_getHour
 .text.RTC_getMinute
                0x00001c9c       0x3c ./HAL/RTC.o
                0x00001c9c                RTC_getMinute
 .text.RTC_getSecond
                0x00001cd8       0x3c ./HAL/RTC.o
                0x00001cd8                RTC_getSecond
 .text.RTC_setDate
                0x00001d14       0x46 ./HAL/RTC.o
                0x00001d14                RTC_setDate
 .text.RTC_setTime
                0x00001d5a       0x46 ./HAL/RTC.o
                0x00001d5a                RTC_setTime
 .text.RTC_init
                0x00001da0       0x32 ./HAL/RTC.o
                0x00001da0                RTC_init
 .text.Buzzer_init
                0x00001dd2        0x6 ./HAL/buzzer.o
                0x00001dd2                Buzzer_init
 .text.Buzzer_on
                0x00001dd8        0x4 ./HAL/buzzer.o
                0x00001dd8                Buzzer_on
 .text.Buzzer_off
                0x00001ddc        0x4 ./HAL/buzzer.o
                0x00001ddc                Buzzer_off
 .text.LCD_displayCharacter
                0x00001de0      0x126 ./HAL/lcd.o
                0x00001de0                LCD_displayCharacter
 .text.LCD_displayString
                0x00001f06       0x26 ./HAL/lcd.o
                0x00001f06                LCD_displayString
 .text.LCD_floatToString
                0x00001f2c       0xd2 ./HAL/lcd.o
                0x00001f2c                LCD_floatToString
 .text.LCD_intgerToString
                0x00001ffe       0x44 ./HAL/lcd.o
                0x00001ffe                LCD_intgerToString
 .text.LCD_sendCommand
                0x00002042      0x126 ./HAL/lcd.o
                0x00002042                LCD_sendCommand
 .text.LCD_clearScreen
                0x00002168        0x8 ./HAL/lcd.o
                0x00002168                LCD_clearScreen
 .text.LCD_moveCursor
                0x00002170       0x26 ./HAL/lcd.o
                0x00002170                LCD_moveCursor
 .text.LCD_displayStringRowColumn
                0x00002196       0x16 ./HAL/lcd.o
                0x00002196                LCD_displayStringRowColumn
 .text.LCD_init
                0x000021ac       0x64 ./HAL/lcd.o
                0x000021ac                LCD_init
 .text.__vector_7
                0x00002210       0x6a ./APP/app.o
                0x00002210                __vector_7
 .text.main     0x0000227a      0x4c4 ./APP/app.o
                0x0000227a                main
 .text.libgcc   0x0000273e       0x18 c:/winavr-20100110/bin/../lib/gcc/avr/4.3.3/avr5\libgcc.a(_udivmodqi4.o)
                0x0000273e                __udivmodqi4
 .text.libgcc   0x00002756       0x26 c:/winavr-20100110/bin/../lib/gcc/avr/4.3.3/avr5\libgcc.a(_divmodhi4.o)
                0x00002756                __divmodhi4
                0x00002756                _div
 .text.libgcc   0x0000277c        0x0 c:/winavr-20100110/bin/../lib/gcc/avr/4.3.3/avr5\libgcc.a(_exit.o)
 .text.libgcc   0x0000277c        0x0 c:/winavr-20100110/bin/../lib/gcc/avr/4.3.3/avr5\libgcc.a(_copy_data.o)
 .text.libgcc   0x0000277c        0x0 c:/winavr-20100110/bin/../lib/gcc/avr/4.3.3/avr5\libgcc.a(_clear_bss.o)
 .text.libgcc   0x0000277c       0x28 c:/winavr-20100110/bin/../lib/gcc/avr/4.3.3/avr5\libgcc.a(_udivmodhi4.o)
                0x0000277c                __udivmodhi4
 .text.libgcc   0x000027a4       0x38 c:/winavr-20100110/bin/../lib/gcc/avr/4.3.3/avr5\libgcc.a(_prologue.o)
                0x000027a4                __prologue_saves__
 .text.libgcc   0x000027dc       0x36 c:/winavr-20100110/bin/../lib/gcc/avr/4.3.3/avr5\libgcc.a(_epilogue.o)
                0x000027dc                __epilogue_restores__
 .text.avr-libc
                0x00002812       0x42 c:/winavr-20100110/bin/../lib/gcc/avr/4.3.3/../../../../avr/lib/avr5\libc.a(itoa.o)
                0x00002812                itoa
 .text.avr-libc
                0x00002854       0x48 c:/winavr-20100110/bin/../lib/gcc/avr/4.3.3/../../../../avr/lib/avr5\libc.a(sprintf.o)
                0x00002854                sprintf
 .text.avr-libc
                0x0000289c      0x3ba c:/winavr-20100110/bin/../lib/gcc/avr/4.3.3/../../../../avr/lib/avr5\libc.a(vfprintf_std.o)
                0x0000289c                vfprintf
 .text.avr-libc
                0x00002c56       0x16 c:/winavr-20100110/bin/../lib/gcc/avr/4.3.3/../../../../avr/lib/avr5\libc.a(strnlen_P.o)
                0x00002c56                strnlen_P
 .text.avr-libc
                0x00002c6c       0x16 c:/winavr-20100110/bin/../lib/gcc/avr/4.3.3/../../../../avr/lib/avr5\libc.a(strnlen.o)
                0x00002c6c                strnlen
 .text.avr-libc
                0x00002c82       0x20 c:/winavr-20100110/bin/../lib/gcc/avr/4.3.3/../../../../avr/lib/avr5\libc.a(strrev.o)
                0x00002c82                strrev
 .text.avr-libc
                0x00002ca2       0x58 c:/winavr-20100110/bin/../lib/gcc/avr/4.3.3/../../../../avr/lib/avr5\libc.a(fputc.o)
                0x00002ca2                fputc
 .text.avr-libc
                0x00002cfa       0xbc c:/winavr-20100110/bin/../lib/gcc/avr/4.3.3/../../../../avr/lib/avr5\libc.a(ultoa_invert.o)
                0x00002cfa                __ultoa_invert
                0x00002db6                . = ALIGN (0x2)
 *(.fini9)
 .fini9         0x00002db6        0x0 c:/winavr-20100110/bin/../lib/gcc/avr/4.3.3/avr5\libgcc.a(_exit.o)
                0x00002db6                exit
                0x00002db6                _exit
 *(.fini9)
 *(.fini8)
 *(.fini8)
 *(.fini7)
 *(.fini7)
 *(.fini6)
 *(.fini6)
 *(.fini5)
 *(.fini5)
 *(.fini4)
 *(.fini4)
 *(.fini3)
 *(.fini3)
 *(.fini2)
 *(.fini2)
 *(.fini1)
 *(.fini1)
 *(.fini0)
 .fini0         0x00002db6        0x4 c:/winavr-20100110/bin/../lib/gcc/avr/4.3.3/avr5\libgcc.a(_exit.o)
 *(.fini0)
                0x00002dba                _etext = .

.data           0x00800060      0x2bc load address 0x00002dba
                0x00800060                PROVIDE (__data_start, .)
 *(.data)
 .data          0x00800060        0x0 c:/winavr-20100110/bin/../lib/gcc/avr/4.3.3/../../../../avr/lib/avr5/crtm32.o
 .data          0x00800060       0x4e ./Service/Alarm.o
 .data          0x008000ae       0x12 ./Service/CountDown.o
 .data          0x008000c0       0x91 ./Service/service.o
 .data          0x00800151       0x1d ./Service/stopwatch.o
 .data          0x0080016e        0x0 ./MCAL/gpio.o
 .data          0x0080016e        0x0 ./MCAL/timer1.o
 .data          0x0080016e        0x0 ./MCAL/twi.o
 .data          0x0080016e        0x0 ./HAL/RTC.o
 .data          0x0080016e        0x0 ./HAL/buzzer.o
 .data          0x0080016e        0x8 ./HAL/lcd.o
 .data          0x00800176       0x99 ./APP/app.o
 .data          0x0080020f        0x0 c:/winavr-20100110/bin/../lib/gcc/avr/4.3.3/avr5\libgcc.a(_udivmodqi4.o)
 .data          0x0080020f        0x0 c:/winavr-20100110/bin/../lib/gcc/avr/4.3.3/avr5\libgcc.a(_divmodhi4.o)
 .data          0x0080020f        0x0 c:/winavr-20100110/bin/../lib/gcc/avr/4.3.3/avr5\libgcc.a(_exit.o)
 .data          0x0080020f        0x0 c:/winavr-20100110/bin/../lib/gcc/avr/4.3.3/avr5\libgcc.a(_copy_data.o)
 .data          0x0080020f        0x0 c:/winavr-20100110/bin/../lib/gcc/avr/4.3.3/avr5\libgcc.a(_clear_bss.o)
 .data          0x0080020f        0x0 c:/winavr-20100110/bin/../lib/gcc/avr/4.3.3/avr5\libgcc.a(_addsub_sf.o)
 .data          0x0080020f        0x0 c:/winavr-20100110/bin/../lib/gcc/avr/4.3.3/avr5\libgcc.a(_mul_sf.o)
 .data          0x0080020f        0x0 c:/winavr-20100110/bin/../lib/gcc/avr/4.3.3/avr5\libgcc.a(_si_to_sf.o)
 .data          0x0080020f        0x0 c:/winavr-20100110/bin/../lib/gcc/avr/4.3.3/avr5\libgcc.a(_sf_to_si.o)
 .data          0x0080020f        0x8 c:/winavr-20100110/bin/../lib/gcc/avr/4.3.3/avr5\libgcc.a(_thenan_sf.o)
                0x0080020f                __thenan_sf
 .data          0x00800217        0x0 c:/winavr-20100110/bin/../lib/gcc/avr/4.3.3/avr5\libgcc.a(_udivmodhi4.o)
 .data          0x00800217        0x0 c:/winavr-20100110/bin/../lib/gcc/avr/4.3.3/avr5\libgcc.a(_prologue.o)
 .data          0x00800217        0x0 c:/winavr-20100110/bin/../lib/gcc/avr/4.3.3/avr5\libgcc.a(_epilogue.o)
 .data          0x00800217        0x0 c:/winavr-20100110/bin/../lib/gcc/avr/4.3.3/avr5\libgcc.a(_clzsi2.o)
 .data          0x00800217        0x0 c:/winavr-20100110/bin/../lib/gcc/avr/4.3.3/avr5\libgcc.a(_pack_sf.o)
 .data          0x00800217        0x0 c:/winavr-20100110/bin/../lib/gcc/avr/4.3.3/avr5\libgcc.a(_unpack_sf.o)
 .data          0x00800217      0x100 c:/winavr-20100110/bin/../lib/gcc/avr/4.3.3/avr5\libgcc.a(_clz.o)
                0x00800217                __clz_tab
 .data          0x00800317        0x0 c:/winavr-20100110/bin/../lib/gcc/avr/4.3.3/../../../../avr/lib/avr5\libc.a(itoa.o)
 .data          0x00800317        0x0 c:/winavr-20100110/bin/../lib/gcc/avr/4.3.3/../../../../avr/lib/avr5\libc.a(sprintf.o)
 .data          0x00800317        0x0 c:/winavr-20100110/bin/../lib/gcc/avr/4.3.3/../../../../avr/lib/avr5\libc.a(vfprintf_std.o)
 .data          0x00800317        0x0 c:/winavr-20100110/bin/../lib/gcc/avr/4.3.3/../../../../avr/lib/avr5\libc.a(strnlen_P.o)
 .data          0x00800317        0x0 c:/winavr-20100110/bin/../lib/gcc/avr/4.3.3/../../../../avr/lib/avr5\libc.a(strnlen.o)
 .data          0x00800317        0x0 c:/winavr-20100110/bin/../lib/gcc/avr/4.3.3/../../../../avr/lib/avr5\libc.a(strrev.o)
 .data          0x00800317        0x0 c:/winavr-20100110/bin/../lib/gcc/avr/4.3.3/../../../../avr/lib/avr5\libc.a(fputc.o)
 .data          0x00800317        0x0 c:/winavr-20100110/bin/../lib/gcc/avr/4.3.3/../../../../avr/lib/avr5\libc.a(ultoa_invert.o)
 *(.data*)
 .data.hoursModification
                0x00800317        0x1 ./Service/Alarm.o
                0x00800317                hoursModification
 .data.last_read
                0x00800318        0x1 ./Service/service.o
                0x00800318                last_read
 *(.rodata)
 *(.rodata*)
 .rodata.C.0.1272
                0x00800319        0x3 ./HAL/RTC.o
 *(.gnu.linkonce.d*)
                0x0080031c                . = ALIGN (0x2)
                0x0080031c                _edata = .
                0x0080031c                PROVIDE (__data_end, .)

.bss            0x0080031c       0x23
                0x0080031c                PROVIDE (__bss_start, .)
 *(.bss)
 .bss           0x0080031c        0x0 c:/winavr-20100110/bin/../lib/gcc/avr/4.3.3/../../../../avr/lib/avr5/crtm32.o
 .bss           0x0080031c        0x0 ./Service/Alarm.o
 .bss           0x0080031c        0x0 ./Service/CountDown.o
 .bss           0x0080031c        0x0 ./Service/service.o
 .bss           0x0080031c        0x0 ./Service/stopwatch.o
 .bss           0x0080031c        0x0 ./MCAL/gpio.o
 .bss           0x0080031c        0x0 ./MCAL/timer1.o
 .bss           0x0080031c        0x0 ./MCAL/twi.o
 .bss           0x0080031c        0x0 ./HAL/RTC.o
 .bss           0x0080031c        0x0 ./HAL/buzzer.o
 .bss           0x0080031c        0x0 ./HAL/lcd.o
 .bss           0x0080031c        0x0 ./APP/app.o
 .bss           0x0080031c        0x0 c:/winavr-20100110/bin/../lib/gcc/avr/4.3.3/avr5\libgcc.a(_udivmodqi4.o)
 .bss           0x0080031c        0x0 c:/winavr-20100110/bin/../lib/gcc/avr/4.3.3/avr5\libgcc.a(_divmodhi4.o)
 .bss           0x0080031c        0x0 c:/winavr-20100110/bin/../lib/gcc/avr/4.3.3/avr5\libgcc.a(_exit.o)
 .bss           0x0080031c        0x0 c:/winavr-20100110/bin/../lib/gcc/avr/4.3.3/avr5\libgcc.a(_copy_data.o)
 .bss           0x0080031c        0x0 c:/winavr-20100110/bin/../lib/gcc/avr/4.3.3/avr5\libgcc.a(_clear_bss.o)
 .bss           0x0080031c        0x0 c:/winavr-20100110/bin/../lib/gcc/avr/4.3.3/avr5\libgcc.a(_addsub_sf.o)
 .bss           0x0080031c        0x0 c:/winavr-20100110/bin/../lib/gcc/avr/4.3.3/avr5\libgcc.a(_mul_sf.o)
 .bss           0x0080031c        0x0 c:/winavr-20100110/bin/../lib/gcc/avr/4.3.3/avr5\libgcc.a(_si_to_sf.o)
 .bss           0x0080031c        0x0 c:/winavr-20100110/bin/../lib/gcc/avr/4.3.3/avr5\libgcc.a(_sf_to_si.o)
 .bss           0x0080031c        0x0 c:/winavr-20100110/bin/../lib/gcc/avr/4.3.3/avr5\libgcc.a(_thenan_sf.o)
 .bss           0x0080031c        0x0 c:/winavr-20100110/bin/../lib/gcc/avr/4.3.3/avr5\libgcc.a(_udivmodhi4.o)
 .bss           0x0080031c        0x0 c:/winavr-20100110/bin/../lib/gcc/avr/4.3.3/avr5\libgcc.a(_prologue.o)
 .bss           0x0080031c        0x0 c:/winavr-20100110/bin/../lib/gcc/avr/4.3.3/avr5\libgcc.a(_epilogue.o)
 .bss           0x0080031c        0x0 c:/winavr-20100110/bin/../lib/gcc/avr/4.3.3/avr5\libgcc.a(_clzsi2.o)
 .bss           0x0080031c        0x0 c:/winavr-20100110/bin/../lib/gcc/avr/4.3.3/avr5\libgcc.a(_pack_sf.o)
 .bss           0x0080031c        0x0 c:/winavr-20100110/bin/../lib/gcc/avr/4.3.3/avr5\libgcc.a(_unpack_sf.o)
 .bss           0x0080031c        0x0 c:/winavr-20100110/bin/../lib/gcc/avr/4.3.3/avr5\libgcc.a(_clz.o)
 .bss           0x0080031c        0x0 c:/winavr-20100110/bin/../lib/gcc/avr/4.3.3/../../../../avr/lib/avr5\libc.a(itoa.o)
 .bss           0x0080031c        0x0 c:/winavr-20100110/bin/../lib/gcc/avr/4.3.3/../../../../avr/lib/avr5\libc.a(sprintf.o)
 .bss           0x0080031c        0x0 c:/winavr-20100110/bin/../lib/gcc/avr/4.3.3/../../../../avr/lib/avr5\libc.a(vfprintf_std.o)
 .bss           0x0080031c        0x0 c:/winavr-20100110/bin/../lib/gcc/avr/4.3.3/../../../../avr/lib/avr5\libc.a(strnlen_P.o)
 .bss           0x0080031c        0x0 c:/winavr-20100110/bin/../lib/gcc/avr/4.3.3/../../../../avr/lib/avr5\libc.a(strnlen.o)
 .bss           0x0080031c        0x0 c:/winavr-20100110/bin/../lib/gcc/avr/4.3.3/../../../../avr/lib/avr5\libc.a(strrev.o)
 .bss           0x0080031c        0x0 c:/winavr-20100110/bin/../lib/gcc/avr/4.3.3/../../../../avr/lib/avr5\libc.a(fputc.o)
 .bss           0x0080031c        0x0 c:/winavr-20100110/bin/../lib/gcc/avr/4.3.3/../../../../avr/lib/avr5\libc.a(ultoa_invert.o)
 *(.bss*)
 .bss.alarm_flag
                0x0080031c        0x1 ./Service/Alarm.o
                0x0080031c                alarm_flag
 .bss.is_Stopped
                0x0080031d        0x1 ./Service/Alarm.o
                0x0080031d                is_Stopped
 .bss.is_snoozed
                0x0080031e        0x1 ./Service/Alarm.o
                0x0080031e                is_snoozed
 .bss.returnMainWindow
                0x0080031f        0x1 ./Service/Alarm.o
                0x0080031f                returnMainWindow
 .bss.hour      0x00800320        0x1 ./Service/CountDown.o
                0x00800320                hour
 .bss.min       0x00800321        0x1 ./Service/CountDown.o
                0x00800321                min
 .bss.sec       0x00800322        0x1 ./Service/CountDown.o
                0x00800322                sec
 .bss.countdown_done_flag
                0x00800323        0x1 ./Service/CountDown.o
                0x00800323                countdown_done_flag
 .bss.moverr    0x00800324        0x1 ./Service/CountDown.o
                0x00800324                moverr
 .bss.intrupt   0x00800325        0x1 ./Service/CountDown.o
                0x00800325                intrupt
 .bss.tick_count
                0x00800326        0x2 ./Service/CountDown.o
                0x00800326                tick_count
 .bss.mover     0x00800328        0x1 ./Service/service.o
                0x00800328                mover
 .bss.hour      0x00800329        0x1 ./Service/service.o
 .bss.min       0x0080032a        0x1 ./Service/service.o
 .bss.sec       0x0080032b        0x1 ./Service/service.o
 .bss.day       0x0080032c        0x1 ./Service/service.o
 .bss.month     0x0080032d        0x1 ./Service/service.o
 .bss.year      0x0080032e        0x1 ./Service/service.o
 .bss.sec0      0x0080032f        0x1 ./Service/stopwatch.o
                0x0080032f                sec0
 .bss.sec1      0x00800330        0x1 ./Service/stopwatch.o
                0x00800330                sec1
 .bss.min0      0x00800331        0x1 ./Service/stopwatch.o
                0x00800331                min0
 .bss.min1      0x00800332        0x1 ./Service/stopwatch.o
                0x00800332                min1
 .bss.hour0     0x00800333        0x1 ./Service/stopwatch.o
                0x00800333                hour0
 .bss.hour1     0x00800334        0x1 ./Service/stopwatch.o
                0x00800334                hour1
 .bss.stopwatchs
                0x00800335        0x1 ./Service/stopwatch.o
                0x00800335                stopwatchs
 .bss.stopwatchf
                0x00800336        0x1 ./Service/stopwatch.o
                0x00800336                stopwatchf
 .bss.stopwatchss
                0x00800337        0x1 ./Service/stopwatch.o
                0x00800337                stopwatchss
 .bss.buzzer_enable
                0x00800338        0x1 ./Service/stopwatch.o
                0x00800338                buzzer_enable
 .bss.awlmara   0x00800339        0x1 ./Service/stopwatch.o
                0x00800339                awlmara
 .bss.mode      0x0080033a        0x1 ./APP/app.o
                0x0080033a                mode
 .bss.timer0_counter
                0x0080033b        0x1 ./APP/app.o
                0x0080033b                timer0_counter
 *(COMMON)
 COMMON         0x0080033c        0x2 ./Service/Alarm.o
                0x0080033c                mins
                0x0080033d                hours
 COMMON         0x0080033e        0x1 ./Service/service.o
                0x0080033e                temp
                0x0080033f                PROVIDE (__bss_end, .)
                0x00002dba                __data_load_start = LOADADDR (.data)
                0x00003076                __data_load_end = (__data_load_start + SIZEOF (.data))

.noinit         0x0080033f        0x0
                0x0080033f                PROVIDE (__noinit_start, .)
 *(.noinit*)
                0x0080033f                PROVIDE (__noinit_end, .)
                0x0080033f                _end = .
                0x0080033f                PROVIDE (__heap_start, .)

.eeprom         0x00810000        0x0
 *(.eeprom*)
                0x00810000                __eeprom_end = .

.fuse
 *(.fuse)
 *(.lfuse)
 *(.hfuse)
 *(.efuse)

.lock
 *(.lock*)

.signature
 *(.signature*)

.stab           0x00000000     0x5d00
 *(.stab)
 .stab          0x00000000      0xa68 ./Service/Alarm.o
 .stab          0x00000a68      0x9b4 ./Service/CountDown.o
                                0xb94 (size before relaxing)
 .stab          0x0000141c     0x156c ./Service/service.o
                               0x180c (size before relaxing)
 .stab          0x00002988      0x414 ./Service/stopwatch.o
                                0x5f4 (size before relaxing)
 .stab          0x00002d9c      0x5f4 ./MCAL/gpio.o
                                0x7b0 (size before relaxing)
 .stab          0x00003390      0x174 ./MCAL/timer1.o
                                0x330 (size before relaxing)
 .stab          0x00003504      0x3fc ./MCAL/twi.o
                                0x5b8 (size before relaxing)
 .stab          0x00003900      0x780 ./HAL/RTC.o
                                0x93c (size before relaxing)
 .stab          0x00004080      0x1c8 ./HAL/buzzer.o
                                0x384 (size before relaxing)
 .stab          0x00004248      0x8f4 ./HAL/lcd.o
                                0xa80 (size before relaxing)
 .stab          0x00004b3c     0x11c4 ./APP/app.o
                               0x1380 (size before relaxing)

.stabstr        0x00000000     0x1e0f
 *(.stabstr)
 .stabstr       0x00000000     0x1e0f ./Service/Alarm.o

.stab.excl
 *(.stab.excl)

.stab.exclstr
 *(.stab.exclstr)

.stab.index
 *(.stab.index)

.stab.indexstr
 *(.stab.indexstr)

.comment
 *(.comment)

.debug
 *(.debug)

.line
 *(.line)

.debug_srcinfo
 *(.debug_srcinfo)

.debug_sfnames
 *(.debug_sfnames)

.debug_aranges  0x00000000       0xe0
 *(.debug_aranges)
 .debug_aranges
                0x00000000       0x20 c:/winavr-20100110/bin/../lib/gcc/avr/4.3.3/avr5\libgcc.a(_addsub_sf.o)
 .debug_aranges
                0x00000020       0x20 c:/winavr-20100110/bin/../lib/gcc/avr/4.3.3/avr5\libgcc.a(_mul_sf.o)
 .debug_aranges
                0x00000040       0x20 c:/winavr-20100110/bin/../lib/gcc/avr/4.3.3/avr5\libgcc.a(_si_to_sf.o)
 .debug_aranges
                0x00000060       0x20 c:/winavr-20100110/bin/../lib/gcc/avr/4.3.3/avr5\libgcc.a(_sf_to_si.o)
 .debug_aranges
                0x00000080       0x20 c:/winavr-20100110/bin/../lib/gcc/avr/4.3.3/avr5\libgcc.a(_clzsi2.o)
 .debug_aranges
                0x000000a0       0x20 c:/winavr-20100110/bin/../lib/gcc/avr/4.3.3/avr5\libgcc.a(_pack_sf.o)
 .debug_aranges
                0x000000c0       0x20 c:/winavr-20100110/bin/../lib/gcc/avr/4.3.3/avr5\libgcc.a(_unpack_sf.o)

.debug_pubnames
                0x00000000      0x12e
 *(.debug_pubnames)
 .debug_pubnames
                0x00000000       0x2c c:/winavr-20100110/bin/../lib/gcc/avr/4.3.3/avr5\libgcc.a(_addsub_sf.o)
 .debug_pubnames
                0x0000002c       0x1f c:/winavr-20100110/bin/../lib/gcc/avr/4.3.3/avr5\libgcc.a(_mul_sf.o)
 .debug_pubnames
                0x0000004b       0x22 c:/winavr-20100110/bin/../lib/gcc/avr/4.3.3/avr5\libgcc.a(_si_to_sf.o)
 .debug_pubnames
                0x0000006d       0x20 c:/winavr-20100110/bin/../lib/gcc/avr/4.3.3/avr5\libgcc.a(_sf_to_si.o)
 .debug_pubnames
                0x0000008d       0x22 c:/winavr-20100110/bin/../lib/gcc/avr/4.3.3/avr5\libgcc.a(_thenan_sf.o)
 .debug_pubnames
                0x000000af       0x1f c:/winavr-20100110/bin/../lib/gcc/avr/4.3.3/avr5\libgcc.a(_clzsi2.o)
 .debug_pubnames
                0x000000ce       0x1f c:/winavr-20100110/bin/../lib/gcc/avr/4.3.3/avr5\libgcc.a(_pack_sf.o)
 .debug_pubnames
                0x000000ed       0x21 c:/winavr-20100110/bin/../lib/gcc/avr/4.3.3/avr5\libgcc.a(_unpack_sf.o)
 .debug_pubnames
                0x0000010e       0x20 c:/winavr-20100110/bin/../lib/gcc/avr/4.3.3/avr5\libgcc.a(_clz.o)

.debug_info     0x00000000     0x15d2
 *(.debug_info)
 .debug_info    0x00000000      0x47a c:/winavr-20100110/bin/../lib/gcc/avr/4.3.3/avr5\libgcc.a(_addsub_sf.o)
 .debug_info    0x0000047a      0x485 c:/winavr-20100110/bin/../lib/gcc/avr/4.3.3/avr5\libgcc.a(_mul_sf.o)
 .debug_info    0x000008ff      0x207 c:/winavr-20100110/bin/../lib/gcc/avr/4.3.3/avr5\libgcc.a(_si_to_sf.o)
 .debug_info    0x00000b06      0x2b0 c:/winavr-20100110/bin/../lib/gcc/avr/4.3.3/avr5\libgcc.a(_sf_to_si.o)
 .debug_info    0x00000db6      0x12c c:/winavr-20100110/bin/../lib/gcc/avr/4.3.3/avr5\libgcc.a(_thenan_sf.o)
 .debug_info    0x00000ee2      0x117 c:/winavr-20100110/bin/../lib/gcc/avr/4.3.3/avr5\libgcc.a(_clzsi2.o)
 .debug_info    0x00000ff9      0x2df c:/winavr-20100110/bin/../lib/gcc/avr/4.3.3/avr5\libgcc.a(_pack_sf.o)
 .debug_info    0x000012d8      0x251 c:/winavr-20100110/bin/../lib/gcc/avr/4.3.3/avr5\libgcc.a(_unpack_sf.o)
 .debug_info    0x00001529       0xa9 c:/winavr-20100110/bin/../lib/gcc/avr/4.3.3/avr5\libgcc.a(_clz.o)
 *(.gnu.linkonce.wi.*)

.debug_abbrev   0x00000000      0xbbb
 *(.debug_abbrev)
 .debug_abbrev  0x00000000      0x1ea c:/winavr-20100110/bin/../lib/gcc/avr/4.3.3/avr5\libgcc.a(_addsub_sf.o)
 .debug_abbrev  0x000001ea      0x21b c:/winavr-20100110/bin/../lib/gcc/avr/4.3.3/avr5\libgcc.a(_mul_sf.o)
 .debug_abbrev  0x00000405      0x148 c:/winavr-20100110/bin/../lib/gcc/avr/4.3.3/avr5\libgcc.a(_si_to_sf.o)
 .debug_abbrev  0x0000054d      0x17f c:/winavr-20100110/bin/../lib/gcc/avr/4.3.3/avr5\libgcc.a(_sf_to_si.o)
 .debug_abbrev  0x000006cc       0xad c:/winavr-20100110/bin/../lib/gcc/avr/4.3.3/avr5\libgcc.a(_thenan_sf.o)
 .debug_abbrev  0x00000779       0xc4 c:/winavr-20100110/bin/../lib/gcc/avr/4.3.3/avr5\libgcc.a(_clzsi2.o)
 .debug_abbrev  0x0000083d      0x1c0 c:/winavr-20100110/bin/../lib/gcc/avr/4.3.3/avr5\libgcc.a(_pack_sf.o)
 .debug_abbrev  0x000009fd      0x154 c:/winavr-20100110/bin/../lib/gcc/avr/4.3.3/avr5\libgcc.a(_unpack_sf.o)
 .debug_abbrev  0x00000b51       0x6a c:/winavr-20100110/bin/../lib/gcc/avr/4.3.3/avr5\libgcc.a(_clz.o)

.debug_line     0x00000000      0xbac
 *(.debug_line)
 .debug_line    0x00000000      0x2af c:/winavr-20100110/bin/../lib/gcc/avr/4.3.3/avr5\libgcc.a(_addsub_sf.o)
 .debug_line    0x000002af      0x239 c:/winavr-20100110/bin/../lib/gcc/avr/4.3.3/avr5\libgcc.a(_mul_sf.o)
 .debug_line    0x000004e8      0x135 c:/winavr-20100110/bin/../lib/gcc/avr/4.3.3/avr5\libgcc.a(_si_to_sf.o)
 .debug_line    0x0000061d      0x109 c:/winavr-20100110/bin/../lib/gcc/avr/4.3.3/avr5\libgcc.a(_sf_to_si.o)
 .debug_line    0x00000726       0x90 c:/winavr-20100110/bin/../lib/gcc/avr/4.3.3/avr5\libgcc.a(_thenan_sf.o)
 .debug_line    0x000007b6       0xa5 c:/winavr-20100110/bin/../lib/gcc/avr/4.3.3/avr5\libgcc.a(_clzsi2.o)
 .debug_line    0x0000085b      0x18a c:/winavr-20100110/bin/../lib/gcc/avr/4.3.3/avr5\libgcc.a(_pack_sf.o)
 .debug_line    0x000009e5      0x14b c:/winavr-20100110/bin/../lib/gcc/avr/4.3.3/avr5\libgcc.a(_unpack_sf.o)
 .debug_line    0x00000b30       0x7c c:/winavr-20100110/bin/../lib/gcc/avr/4.3.3/avr5\libgcc.a(_clz.o)

.debug_frame    0x00000000      0x100
 *(.debug_frame)
 .debug_frame   0x00000000       0x40 c:/winavr-20100110/bin/../lib/gcc/avr/4.3.3/avr5\libgcc.a(_addsub_sf.o)
 .debug_frame   0x00000040       0x20 c:/winavr-20100110/bin/../lib/gcc/avr/4.3.3/avr5\libgcc.a(_mul_sf.o)
 .debug_frame   0x00000060       0x20 c:/winavr-20100110/bin/../lib/gcc/avr/4.3.3/avr5\libgcc.a(_si_to_sf.o)
 .debug_frame   0x00000080       0x20 c:/winavr-20100110/bin/../lib/gcc/avr/4.3.3/avr5\libgcc.a(_sf_to_si.o)
 .debug_frame   0x000000a0       0x20 c:/winavr-20100110/bin/../lib/gcc/avr/4.3.3/avr5\libgcc.a(_clzsi2.o)
 .debug_frame   0x000000c0       0x20 c:/winavr-20100110/bin/../lib/gcc/avr/4.3.3/avr5\libgcc.a(_pack_sf.o)
 .debug_frame   0x000000e0       0x20 c:/winavr-20100110/bin/../lib/gcc/avr/4.3.3/avr5\libgcc.a(_unpack_sf.o)

.debug_str      0x00000000      0x289
 *(.debug_str)
 .debug_str     0x00000000      0x19e c:/winavr-20100110/bin/../lib/gcc/avr/4.3.3/avr5\libgcc.a(_addsub_sf.o)
                                0x206 (size before relaxing)
 .debug_str     0x0000019e       0x27 c:/winavr-20100110/bin/../lib/gcc/avr/4.3.3/avr5\libgcc.a(_mul_sf.o)
                                0x1bf (size before relaxing)
 .debug_str     0x000001c5       0x1e c:/winavr-20100110/bin/../lib/gcc/avr/4.3.3/avr5\libgcc.a(_si_to_sf.o)
                                0x17b (size before relaxing)
 .debug_str     0x000001e3        0xa c:/winavr-20100110/bin/../lib/gcc/avr/4.3.3/avr5\libgcc.a(_sf_to_si.o)
                                0x19e (size before relaxing)
 .debug_str     0x00000000      0x103 c:/winavr-20100110/bin/../lib/gcc/avr/4.3.3/avr5\libgcc.a(_thenan_sf.o)
 .debug_str     0x000001ed       0x81 c:/winavr-20100110/bin/../lib/gcc/avr/4.3.3/avr5\libgcc.a(_clzsi2.o)
                                0x111 (size before relaxing)
 .debug_str     0x0000026e       0x10 c:/winavr-20100110/bin/../lib/gcc/avr/4.3.3/avr5\libgcc.a(_pack_sf.o)
                                0x19d (size before relaxing)
 .debug_str     0x0000027e        0xb c:/winavr-20100110/bin/../lib/gcc/avr/4.3.3/avr5\libgcc.a(_unpack_sf.o)
                                0x17f (size before relaxing)
 .debug_str     0x00000000       0xf4 c:/winavr-20100110/bin/../lib/gcc/avr/4.3.3/avr5\libgcc.a(_clz.o)

.debug_loc      0x00000000      0x7d6
 *(.debug_loc)
 .debug_loc     0x00000000      0x32a c:/winavr-20100110/bin/../lib/gcc/avr/4.3.3/avr5\libgcc.a(_addsub_sf.o)
 .debug_loc     0x0000032a      0x104 c:/winavr-20100110/bin/../lib/gcc/avr/4.3.3/avr5\libgcc.a(_mul_sf.o)
 .debug_loc     0x0000042e       0xac c:/winavr-20100110/bin/../lib/gcc/avr/4.3.3/avr5\libgcc.a(_si_to_sf.o)
 .debug_loc     0x000004da       0x7e c:/winavr-20100110/bin/../lib/gcc/avr/4.3.3/avr5\libgcc.a(_sf_to_si.o)
 .debug_loc     0x00000558       0x94 c:/winavr-20100110/bin/../lib/gcc/avr/4.3.3/avr5\libgcc.a(_clzsi2.o)
 .debug_loc     0x000005ec      0x13e c:/winavr-20100110/bin/../lib/gcc/avr/4.3.3/avr5\libgcc.a(_pack_sf.o)
 .debug_loc     0x0000072a       0xac c:/winavr-20100110/bin/../lib/gcc/avr/4.3.3/avr5\libgcc.a(_unpack_sf.o)

.debug_macinfo
 *(.debug_macinfo)
OUTPUT(Real_Clock_System_Using_RTC_ITI_GRADUATIO_PROJECT.elf elf32-avr)
LOAD linker stubs

.debug_ranges   0x00000000       0x50
 .debug_ranges  0x00000000       0x50 c:/winavr-20100110/bin/../lib/gcc/avr/4.3.3/avr5\libgcc.a(_mul_sf.o)
